==================================================================
WORKOUT
==================================================================
  pattern  : 75W/1m00s, 230W/20s
  total    : 10m00s across 15 intervals
  log      : ride-20260824-132512.csv
  work     : 66.7 kJ nominal
==================================================================

Scanning (15s)...
Found Hammer 26216

Handshake...
In control. Start pedalling.

--- 1/15  75 W for 1m00s  [0s elapsed]
    [   1.5s] target=  75W  actual=  65W  cad= 65.0rpm
    [   2.5s] target=  75W  actual=  69W  cad= 64.0rpm
    [   3.5s] target=  75W  actual=  70W  cad= 64.0rpm
    [   4.5s] target=  75W  actual=  73W  cad= 64.0rpm
    [   5.5s] target=  75W  actual=  75W  cad= 64.0rpm
    [   6.5s] target=  75W  actual=  77W  cad= 65.0rpm
    [   7.5s] target=  75W  actual=  78W  cad= 66.0rpm
    [   8.5s] target=  75W  actual=  80W  cad= 66.0rpm
    [   9.5s] target=  75W  actual=  75W  cad= 66.0rpm
    [  10.5s] target=  75W  actual=  75W  cad= 66.0rpm
    [  11.7s] target=  75W  actual=  73W  cad= 65.0rpm
    [  12.7s] target=  75W  actual=  80W  cad= 67.0rpm
    [  13.7s] target=  75W  actual=  77W  cad= 67.0rpm
    [  14.7s] target=  75W  actual=  73W  cad= 66.0rpm
    [  15.7s] target=  75W  actual=  75W  cad= 66.0rpm
    [  16.7s] target=  75W  actual=  80W  cad= 68.0rpm
    [  17.7s] target=  75W  actual=  81W  cad= 69.0rpm
    [  18.7s] target=  75W  actual=  76W  cad= 68.0rpm
    [  19.7s] target=  75W  actual=  73W  cad= 68.0rpm
    [  20.7s] target=  75W  actual=  74W  cad= 67.0rpm
    [  22.2s] target=  75W  actual=  75W  cad= 68.0rpm
    [  23.2s] target=  75W  actual=  77W  cad= 69.0rpm
    [  24.2s] target=  75W  actual=  75W  cad= 68.0rpm
    [  25.2s] target=  75W  actual=  71W  cad= 67.0rpm
    [  26.2s] target=  75W  actual=  72W  cad= 66.0rpm
    [  27.2s] target=  75W  actual=  74W  cad= 67.0rpm
    [  28.2s] target=  75W  actual=  73W  cad= 66.0rpm
    [  29.2s] target=  75W  actual=  74W  cad= 66.0rpm
    [  30.2s] target=  75W  actual=  74W  cad= 65.0rpm
    [  31.2s] target=  75W  actual=  77W  cad= 66.0rpm
    [  32.7s] target=  75W  actual=  79W  cad= 68.0rpm
    [  33.7s] target=  75W  actual=  73W  cad= 67.0rpm
    [  34.7s] target=  75W  actual=  73W  cad= 66.0rpm
    [  35.7s] target=  75W  actual=  71W  cad= 66.0rpm
    [  36.7s] target=  75W  actual=  72W  cad= 65.0rpm
    [  37.7s] target=  75W  actual=  77W  cad= 67.0rpm
    [  38.7s] target=  75W  actual=  79W  cad= 68.0rpm
    [  39.7s] target=  75W  actual=  75W  cad= 67.0rpm
    [  40.7s] target=  75W  actual=  90W  cad= 71.0rpm
    [  41.7s] target=  75W  actual=  81W  cad= 71.0rpm
    [  43.2s] target=  75W  actual=  71W  cad= 69.0rpm
    [  44.2s] target=  75W  actual=  72W  cad= 68.0rpm
    [  45.2s] target=  75W  actual=  72W  cad= 69.0rpm
    [  46.2s] target=  75W  actual=  77W  cad= 70.0rpm
    [  47.2s] target=  75W  actual=  79W  cad= 71.0rpm
    [  48.2s] target=  75W  actual=  74W  cad= 70.0rpm
    [  49.2s] target=  75W  actual=  70W  cad= 68.0rpm
    [  50.2s] target=  75W  actual=  72W  cad= 67.0rpm
    [  51.2s] target=  75W  actual=  74W  cad= 68.0rpm
    [  52.2s] target=  75W  actual=  74W  cad= 68.0rpm
    [  53.7s] target=  75W  actual=  75W  cad= 68.0rpm
    [  54.7s] target=  75W  actual=  77W  cad= 68.0rpm
    [  55.7s] target=  75W  actual=  84W  cad= 70.0rpm
    [  56.7s] target=  75W  actual=  78W  cad= 71.0rpm
    [  57.7s] target=  75W  actual=  73W  cad= 69.0rpm
    [  58.7s] target=  75W  actual=  75W  cad= 70.0rpm
    [  59.7s] target=  75W  actual=  76W  cad= 71.0rpm
    [  60.7s] target=  75W  actual=  76W  cad= 71.0rpm
--- 2/15  230 W for 20s  [1m01s elapsed]
    [  62.3s] target= 230W  actual=  82W  cad= 70.0rpm
    [  63.3s] target= 230W  actual= 161W  cad= 64.0rpm
    [  64.3s] target= 230W  actual= 233W  cad= 62.0rpm
    [  65.3s] target= 230W  actual= 324W  cad= 73.0rpm
    [  66.3s] target= 230W  actual= 335W  cad= 77.0rpm
    [  67.3s] target= 230W  actual= 273W  cad= 80.0rpm
    [  68.3s] target= 230W  actual= 233W  cad= 91.0rpm
    [  69.3s] target= 230W  actual= 229W  cad= 96.0rpm
    [  70.3s] target= 230W  actual= 211W  cad= 92.0rpm
    [  71.3s] target= 230W  actual= 215W  cad= 92.0rpm
    [  72.7s] target= 230W  actual= 208W  cad= 87.0rpm
    [  73.7s] target= 230W  actual= 222W  cad= 88.0rpm
    [  74.7s] target= 230W  actual= 228W  cad= 89.0rpm
    [  75.7s] target= 230W  actual= 224W  cad= 86.0rpm
    [  76.7s] target= 230W  actual= 221W  cad= 84.0rpm
    [  77.7s] target= 230W  actual= 225W  cad= 84.0rpm
    [  78.7s] target= 230W  actual= 222W  cad= 83.0rpm
    [  79.7s] target= 230W  actual= 228W  cad= 82.0rpm
    [  80.7s] target= 230W  actual= 237W  cad= 84.0rpm
    [  81.7s] target= 230W  actual= 230W  cad= 84.0rpm
--- 3/15  75 W for 1m00s  [1m22s elapsed]
    [  83.4s] target=  75W  actual= 213W  cad= 81.0rpm
    [  84.4s] target=  75W  actual= 153W  cad= 83.0rpm
    [  85.4s] target=  75W  actual= 135W  cad= 90.0rpm
    [  86.4s] target=  75W  actual=  83W  cad= 85.0rpm
    [  87.4s] target=  75W  actual=  76W  cad= 85.0rpm
    [  88.4s] target=  75W  actual=  72W  cad= 88.0rpm
    [  89.4s] target=  75W  actual=  72W  cad= 86.0rpm
    [  90.4s] target=  75W  actual=  72W  cad= 86.0rpm
    [  91.4s] target=  75W  actual=  70W  cad= 85.0rpm
    [  92.4s] target=  75W  actual=  72W  cad= 85.0rpm
    [  93.7s] target=  75W  actual=  70W  cad= 83.0rpm
    [  94.7s] target=  75W  actual=  71W  cad= 83.0rpm
    [  95.7s] target=  75W  actual=  76W  cad= 84.0rpm
    [  96.7s] target=  75W  actual=  79W  cad= 85.0rpm
    [  97.7s] target=  75W  actual=  79W  cad= 85.0rpm
    [  98.7s] target=  75W  actual=  89W  cad= 89.0rpm
    [  99.7s] target=  75W  actual=  89W  cad= 89.0rpm
    [ 100.7s] target=  75W  actual=  83W  cad= 90.0rpm
    [ 101.7s] target=  75W  actual=  74W  cad= 88.0rpm
    [ 102.7s] target=  75W  actual=  69W  cad= 87.0rpm
    [ 104.2s] target=  75W  actual=  71W  cad= 89.0rpm
    [ 105.2s] target=  75W  actual=  70W  cad= 89.0rpm
    [ 106.2s] target=  75W  actual=  73W  cad= 89.0rpm
    [ 107.2s] target=  75W  actual=  79W  cad= 90.0rpm
    [ 108.2s] target=  75W  actual=  72W  cad= 87.0rpm
    [ 109.2s] target=  75W  actual=  67W  cad= 84.0rpm
    [ 110.2s] target=  75W  actual=  68W  cad= 85.0rpm
    [ 111.2s] target=  75W  actual=  72W  cad= 87.0rpm
    [ 112.2s] target=  75W  actual=  77W  cad= 88.0rpm
    [ 113.2s] target=  75W  actual=  74W  cad= 86.0rpm
    [ 114.7s] target=  75W  actual=  73W  cad= 85.0rpm
    [ 115.7s] target=  75W  actual=  73W  cad= 85.0rpm
    [ 116.7s] target=  75W  actual=  76W  cad= 86.0rpm
    [ 117.7s] target=  75W  actual=  76W  cad= 85.0rpm
    [ 118.7s] target=  75W  actual=  71W  cad= 82.0rpm
    [ 119.7s] target=  75W  actual=  73W  cad= 84.0rpm
    [ 120.7s] target=  75W  actual=  76W  cad= 86.0rpm
    [ 121.7s] target=  75W  actual=  71W  cad= 83.0rpm
    [ 122.7s] target=  75W  actual=  73W  cad= 83.0rpm
    [ 123.7s] target=  75W  actual=  73W  cad= 83.0rpm
    [ 125.2s] target=  75W  actual=  72W  cad= 82.0rpm
    [ 126.2s] target=  75W  actual=  73W  cad= 82.0rpm
    [ 127.2s] target=  75W  actual=  73W  cad= 82.0rpm
    [ 128.2s] target=  75W  actual=  77W  cad= 83.0rpm
    [ 129.2s] target=  75W  actual=  76W  cad= 83.0rpm
    [ 130.2s] target=  75W  actual=  73W  cad= 81.0rpm
    [ 131.2s] target=  75W  actual=  77W  cad= 82.0rpm
    [ 132.2s] target=  75W  actual=  76W  cad= 83.0rpm
    [ 133.2s] target=  75W  actual=  76W  cad= 82.0rpm
    [ 134.2s] target=  75W  actual=  73W  cad= 81.0rpm
    [ 135.5s] target=  75W  actual=  81W  cad= 85.0rpm
    [ 136.5s] target=  75W  actual=  84W  cad= 87.0rpm
    [ 137.5s] target=  75W  actual=  73W  cad= 83.0rpm
    [ 138.5s] target=  75W  actual=  72W  cad= 82.0rpm
    [ 139.5s] target=  75W  actual=  76W  cad= 85.0rpm
    [ 140.5s] target=  75W  actual=  73W  cad= 84.0rpm
    [ 141.5s] target=  75W  actual=  70W  cad= 82.0rpm
    [ 142.5s] target=  75W  actual=  77W  cad= 85.0rpm
--- 4/15  230 W for 20s  [2m23s elapsed]
    [ 143.7s] target= 230W  actual= 141W  cad= 83.0rpm
    [ 144.7s] target= 230W  actual= 184W  cad= 76.0rpm
    [ 145.7s] target= 230W  actual= 291W  cad= 81.0rpm
    [ 146.7s] target= 230W  actual= 267W  cad= 83.0rpm
    [ 147.7s] target= 230W  actual= 232W  cad= 88.0rpm
    [ 148.7s] target= 230W  actual= 209W  cad= 87.0rpm
    [ 149.7s] target= 230W  actual= 210W  cad= 87.0rpm
    [ 150.7s] target= 230W  actual= 208W  cad= 85.0rpm
    [ 151.7s] target= 230W  actual= 222W  cad= 85.0rpm
    [ 152.7s] target= 230W  actual= 241W  cad= 88.0rpm
    [ 154.3s] target= 230W  actual= 226W  cad= 85.0rpm
    [ 155.3s] target= 230W  actual= 226W  cad= 84.0rpm
    [ 156.3s] target= 230W  actual= 218W  cad= 82.0rpm
    [ 157.3s] target= 230W  actual= 221W  cad= 81.0rpm
    [ 158.3s] target= 230W  actual= 239W  cad= 84.0rpm
    [ 159.3s] target= 230W  actual= 228W  cad= 82.0rpm
    [ 160.3s] target= 230W  actual= 224W  cad= 81.0rpm
    [ 161.3s] target= 230W  actual= 226W  cad= 81.0rpm
    [ 162.3s] target= 230W  actual= 224W  cad= 79.0rpm
    [ 163.3s] target= 230W  actual= 265W  cad= 86.0rpm
--- 5/15  75 W for 1m00s  [2m44s elapsed]
    [ 164.9s] target=  75W  actual= 211W  cad= 91.0rpm
    [ 165.9s] target=  75W  actual= 157W  cad= 96.0rpm
    [ 166.9s] target=  75W  actual=  86W  cad= 86.0rpm
    [ 167.9s] target=  75W  actual=  65W  cad= 77.0rpm
    [ 168.9s] target=  75W  actual=  64W  cad= 80.0rpm
    [ 169.9s] target=  75W  actual=  63W  cad= 90.0rpm
    [ 170.9s] target=  75W  actual=  61W  cad= 82.0rpm
    [ 171.9s] target=  75W  actual=  63W  cad= 74.0rpm
    [ 172.9s] target=  75W  actual=  64W  cad= 70.0rpm
    [ 173.9s] target=  75W  actual=  63W  cad= 64.0rpm
    [ 175.2s] target=  75W  actual=  64W  cad= 63.0rpm
    [ 176.2s] target=  75W  actual=  65W  cad= 61.0rpm
    [ 177.2s] target=  75W  actual=  66W  cad= 63.0rpm
    [ 178.2s] target=  75W  actual=  68W  cad= 64.0rpm
    [ 179.2s] target=  75W  actual=  72W  cad= 65.0rpm
    [ 180.2s] target=  75W  actual=  71W  cad= 68.0rpm
    [ 181.2s] target=  75W  actual=  71W  cad= 66.0rpm
    [ 182.2s] target=  75W  actual=  72W  cad= 66.0rpm
    [ 183.2s] target=  75W  actual=  74W  cad= 68.0rpm
    [ 184.2s] target=  75W  actual=  76W  cad= 75.0rpm
    [ 185.7s] target=  75W  actual=  82W  cad= 78.0rpm
    [ 186.7s] target=  75W  actual=  78W  cad= 77.0rpm
    [ 187.7s] target=  75W  actual=  76W  cad= 78.0rpm
    [ 188.7s] target=  75W  actual=  75W  cad= 78.0rpm
    [ 189.7s] target=  75W  actual=  76W  cad= 78.0rpm
    [ 190.7s] target=  75W  actual=  77W  cad= 79.0rpm
    [ 191.7s] target=  75W  actual=  74W  cad= 78.0rpm
    [ 192.7s] target=  75W  actual=  75W  cad= 79.0rpm
    [ 193.7s] target=  75W  actual=  75W  cad= 79.0rpm
    [ 194.7s] target=  75W  actual=  76W  cad= 79.0rpm
    [ 196.2s] target=  75W  actual=  74W  cad= 78.0rpm
    [ 197.2s] target=  75W  actual=  72W  cad= 78.0rpm
    [ 198.2s] target=  75W  actual=  75W  cad= 78.0rpm
    [ 199.2s] target=  75W  actual=  76W  cad= 79.0rpm
    [ 200.2s] target=  75W  actual=  73W  cad= 78.0rpm
    [ 201.2s] target=  75W  actual=  73W  cad= 77.0rpm
    [ 202.2s] target=  75W  actual=  75W  cad= 78.0rpm
    [ 203.2s] target=  75W  actual=  80W  cad= 80.0rpm
    [ 204.2s] target=  75W  actual=  80W  cad= 81.0rpm
    [ 205.2s] target=  75W  actual=  78W  cad= 80.0rpm
    [ 206.6s] target=  75W  actual=  79W  cad= 82.0rpm
    [ 207.6s] target=  75W  actual=  76W  cad= 82.0rpm
    [ 208.6s] target=  75W  actual=  71W  cad= 79.0rpm
    [ 209.6s] target=  75W  actual=  78W  cad= 81.0rpm
    [ 210.6s] target=  75W  actual=  74W  cad= 81.0rpm
    [ 211.6s] target=  75W  actual=  72W  cad= 80.0rpm
    [ 212.6s] target=  75W  actual=  73W  cad= 81.0rpm
    [ 213.6s] target=  75W  actual=  74W  cad= 81.0rpm
    [ 214.6s] target=  75W  actual=  75W  cad= 81.0rpm
    [ 215.6s] target=  75W  actual=  76W  cad= 81.0rpm
    [ 216.8s] target=  75W  actual=  76W  cad= 81.0rpm
    [ 217.8s] target=  75W  actual=  72W  cad= 79.0rpm
    [ 218.8s] target=  75W  actual=  75W  cad= 80.0rpm
    [ 219.8s] target=  75W  actual=  76W  cad= 81.0rpm
    [ 220.8s] target=  75W  actual=  71W  cad= 79.0rpm
    [ 221.8s] target=  75W  actual=  76W  cad= 80.0rpm
    [ 222.8s] target=  75W  actual=  77W  cad= 81.0rpm
    [ 223.8s] target=  75W  actual=  77W  cad= 80.0rpm
    [ 224.8s] target=  75W  actual=  76W  cad= 80.0rpm
--- 6/15  230 W for 20s  [3m45s elapsed]
    [ 226.0s] target= 230W  actual= 105W  cad= 80.0rpm
    [ 227.0s] target= 230W  actual= 194W  cad= 75.0rpm
    [ 228.0s] target= 230W  actual= 293W  cad= 79.0rpm
    [ 229.0s] target= 230W  actual= 258W  cad= 83.0rpm
    [ 230.0s] target= 230W  actual= 237W  cad= 89.0rpm
    [ 231.0s] target= 230W  actual= 235W  cad= 91.0rpm
    [ 232.0s] target= 230W  actual= 237W  cad= 93.0rpm
    [ 233.0s] target= 230W  actual= 225W  cad= 91.0rpm
    [ 234.0s] target= 230W  actual= 224W  cad= 91.0rpm
    [ 235.0s] target= 230W  actual= 222W  cad= 90.0rpm
    [ 236.3s] target= 230W  actual= 222W  cad= 89.0rpm
    [ 237.3s] target= 230W  actual= 220W  cad= 87.0rpm
    [ 238.3s] target= 230W  actual= 219W  cad= 86.0rpm
    [ 239.3s] target= 230W  actual= 222W  cad= 85.0rpm
    [ 240.3s] target= 230W  actual= 223W  cad= 84.0rpm
    [ 241.3s] target= 230W  actual= 236W  cad= 85.0rpm
    [ 242.3s] target= 230W  actual= 234W  cad= 85.0rpm
    [ 243.3s] target= 230W  actual= 215W  cad= 82.0rpm
    [ 244.3s] target= 230W  actual= 231W  cad= 83.0rpm
    [ 245.3s] target= 230W  actual= 227W  cad= 83.0rpm
--- 7/15  75 W for 1m00s  [4m06s elapsed]
    [ 247.0s] target=  75W  actual= 213W  cad= 84.0rpm
    [ 248.0s] target=  75W  actual= 154W  cad= 92.0rpm
    [ 249.0s] target=  75W  actual= 114W  cad= 87.0rpm
    [ 250.0s] target=  75W  actual=  68W  cad= 81.0rpm
    [ 251.0s] target=  75W  actual=  66W  cad= 84.0rpm
    [ 252.0s] target=  75W  actual=  66W  cad= 80.0rpm
    [ 253.0s] target=  75W  actual=  67W  cad= 73.0rpm
    [ 254.0s] target=  75W  actual=  72W  cad= 78.0rpm
    [ 255.0s] target=  75W  actual=  75W  cad= 89.0rpm
    [ 256.0s] target=  75W  actual=  72W  cad= 85.0rpm
    [ 257.4s] target=  75W  actual=  73W  cad= 84.0rpm
    [ 258.4s] target=  75W  actual=  72W  cad= 85.0rpm
    [ 259.4s] target=  75W  actual=  70W  cad= 83.0rpm
    [ 260.4s] target=  75W  actual=  73W  cad= 84.0rpm
    [ 261.4s] target=  75W  actual=  76W  cad= 84.0rpm
    [ 262.4s] target=  75W  actual=  73W  cad= 83.0rpm
    [ 263.4s] target=  75W  actual=  76W  cad= 83.0rpm
    [ 264.4s] target=  75W  actual=  82W  cad= 86.0rpm
    [ 265.4s] target=  75W  actual=  80W  cad= 86.0rpm
    [ 266.4s] target=  75W  actual=  73W  cad= 83.0rpm
    [ 267.7s] target=  75W  actual=  71W  cad= 83.0rpm
    [ 268.7s] target=  75W  actual=  72W  cad= 83.0rpm
    [ 269.7s] target=  75W  actual=  72W  cad= 83.0rpm
    [ 270.7s] target=  75W  actual=  73W  cad= 83.0rpm
    [ 271.7s] target=  75W  actual=  75W  cad= 82.0rpm
    [ 272.7s] target=  75W  actual=  71W  cad= 81.0rpm
    [ 273.7s] target=  75W  actual=  72W  cad= 80.0rpm
    [ 274.7s] target=  75W  actual=  74W  cad= 82.0rpm
    [ 275.7s] target=  75W  actual=  75W  cad= 81.0rpm
    [ 276.7s] target=  75W  actual=  72W  cad= 80.0rpm
    [ 278.2s] target=  75W  actual=  76W  cad= 81.0rpm
    [ 279.2s] target=  75W  actual=  78W  cad= 82.0rpm
    [ 280.2s] target=  75W  actual=  75W  cad= 80.0rpm
    [ 281.2s] target=  75W  actual=  77W  cad= 81.0rpm
    [ 282.2s] target=  75W  actual=  76W  cad= 82.0rpm
    [ 283.2s] target=  75W  actual=  71W  cad= 79.0rpm
    [ 284.2s] target=  75W  actual=  73W  cad= 80.0rpm
    [ 285.2s] target=  75W  actual=  78W  cad= 83.0rpm
    [ 286.2s] target=  75W  actual=  74W  cad= 81.0rpm
    [ 287.2s] target=  75W  actual=  77W  cad= 81.0rpm
    [ 288.7s] target=  75W  actual=  82W  cad= 84.0rpm
    [ 289.7s] target=  75W  actual= 104W  cad= 90.0rpm
    [ 290.7s] target=  75W  actual=  90W  cad= 90.0rpm
    [ 291.7s] target=  75W  actual=  72W  cad= 86.0rpm
    [ 292.7s] target=  75W  actual=  70W  cad= 86.0rpm
    [ 293.7s] target=  75W  actual=  68W  cad= 86.0rpm
    [ 294.7s] target=  75W  actual=  69W  cad= 87.0rpm
    [ 295.7s] target=  75W  actual=  70W  cad= 87.0rpm
    [ 296.7s] target=  75W  actual=  78W  cad= 89.0rpm
    [ 297.7s] target=  75W  actual=  89W  cad= 85.0rpm
    [ 299.3s] target=  75W  actual=  80W  cad= 83.0rpm
    [ 300.3s] target=  75W  actual=  80W  cad= 89.0rpm
    [ 301.3s] target=  75W  actual=  77W  cad= 90.0rpm
    [ 302.3s] target=  75W  actual=  73W  cad= 89.0rpm
    [ 303.3s] target=  75W  actual=  73W  cad= 90.0rpm
    [ 304.3s] target=  75W  actual=  73W  cad= 90.0rpm
    [ 305.3s] target=  75W  actual=  69W  cad= 88.0rpm
    [ 306.3s] target=  75W  actual=  70W  cad= 88.0rpm
--- 8/15  230 W for 20s  [5m07s elapsed]
    [ 307.7s] target= 230W  actual= 134W  cad= 85.0rpm
    [ 308.7s] target= 230W  actual= 220W  cad= 82.0rpm
    [ 309.7s] target= 230W  actual= 282W  cad= 90.0rpm
    [ 310.7s] target= 230W  actual= 230W  cad= 91.0rpm
    [ 311.7s] target= 230W  actual= 211W  cad= 87.0rpm
    [ 312.7s] target= 230W  actual= 215W  cad= 88.0rpm
    [ 313.7s] target= 230W  actual= 227W  cad= 89.0rpm
    [ 314.7s] target= 230W  actual= 217W  cad= 86.0rpm
    [ 315.7s] target= 230W  actual= 229W  cad= 86.0rpm
    [ 316.7s] target= 230W  actual= 266W  cad= 94.0rpm
    [ 318.2s] target= 230W  actual= 259W  cad= 95.0rpm
    [ 319.3s] target= 230W  actual= 223W  cad= 88.0rpm
    [ 320.3s] target= 230W  actual= 205W  cad= 81.0rpm
    [ 321.3s] target= 230W  actual= 207W  cad= 81.0rpm
    [ 322.3s] target= 230W  actual= 216W  cad= 86.0rpm
    [ 323.3s] target= 230W  actual= 254W  cad= 91.0rpm
    [ 324.3s] target= 230W  actual= 217W  cad= 87.0rpm
    [ 325.3s] target= 230W  actual= 223W  cad= 85.0rpm
    [ 326.3s] target= 230W  actual= 212W  cad= 83.0rpm
    [ 327.3s] target= 230W  actual= 207W  cad= 79.0rpm
--- 9/15  75 W for 1m00s  [5m28s elapsed]
    [ 328.9s] target=  75W  actual= 194W  cad= 81.0rpm
    [ 329.9s] target=  75W  actual= 134W  cad= 84.0rpm
    [ 330.9s] target=  75W  actual= 100W  cad= 84.0rpm
    [ 331.9s] target=  75W  actual=  79W  cad= 83.0rpm
    [ 332.9s] target=  75W  actual=  79W  cad= 85.0rpm
    [ 333.9s] target=  75W  actual=  75W  cad= 85.0rpm
    [ 334.9s] target=  75W  actual=  72W  cad= 83.0rpm
    [ 335.9s] target=  75W  actual=  69W  cad= 82.0rpm
    [ 336.9s] target=  75W  actual=  71W  cad= 83.0rpm
    [ 337.9s] target=  75W  actual=  74W  cad= 85.0rpm
    [ 339.2s] target=  75W  actual=  75W  cad= 84.0rpm
    [ 340.2s] target=  75W  actual=  77W  cad= 83.0rpm
    [ 341.2s] target=  75W  actual=  73W  cad= 82.0rpm
    [ 342.2s] target=  75W  actual=  75W  cad= 83.0rpm
    [ 343.2s] target=  75W  actual=  77W  cad= 84.0rpm
    [ 344.2s] target=  75W  actual=  78W  cad= 84.0rpm
    [ 345.2s] target=  75W  actual=  83W  cad= 86.0rpm
    [ 346.2s] target=  75W  actual=  76W  cad= 85.0rpm
    [ 347.2s] target=  75W  actual=  71W  cad= 82.0rpm
    [ 348.2s] target=  75W  actual=  74W  cad= 85.0rpm
    [ 349.7s] target=  75W  actual=  78W  cad= 86.0rpm
    [ 350.7s] target=  75W  actual=  78W  cad= 86.0rpm
    [ 351.7s] target=  75W  actual=  76W  cad= 85.0rpm
    [ 352.7s] target=  75W  actual=  75W  cad= 86.0rpm
    [ 353.7s] target=  75W  actual=  75W  cad= 85.0rpm
    [ 354.7s] target=  75W  actual=  72W  cad= 84.0rpm
    [ 355.7s] target=  75W  actual=  74W  cad= 85.0rpm
    [ 356.7s] target=  75W  actual=  76W  cad= 85.0rpm
    [ 357.7s] target=  75W  actual=  76W  cad= 86.0rpm
    [ 358.7s] target=  75W  actual=  75W  cad= 85.0rpm
    [ 360.2s] target=  75W  actual=  71W  cad= 83.0rpm
    [ 361.2s] target=  75W  actual=  71W  cad= 83.0rpm
    [ 362.2s] target=  75W  actual=  75W  cad= 85.0rpm
    [ 363.2s] target=  75W  actual=  75W  cad= 85.0rpm
    [ 364.2s] target=  75W  actual=  76W  cad= 84.0rpm
    [ 365.2s] target=  75W  actual=  71W  cad= 82.0rpm
    [ 366.2s] target=  75W  actual=  69W  cad= 81.0rpm
    [ 367.2s] target=  75W  actual=  82W  cad= 86.0rpm
    [ 368.2s] target=  75W  actual= 100W  cad= 89.0rpm
    [ 369.2s] target=  75W  actual=  83W  cad= 85.0rpm
    [ 370.7s] target=  75W  actual=  79W  cad= 90.0rpm
    [ 371.7s] target=  75W  actual=  73W  cad= 88.0rpm
    [ 372.7s] target=  75W  actual=  72W  cad= 87.0rpm
    [ 373.7s] target=  75W  actual=  72W  cad= 89.0rpm
    [ 374.7s] target=  75W  actual=  73W  cad= 88.0rpm
    [ 375.7s] target=  75W  actual=  68W  cad= 85.0rpm
    [ 376.7s] target=  75W  actual=  70W  cad= 86.0rpm
    [ 377.7s] target=  75W  actual=  71W  cad= 87.0rpm
    [ 378.7s] target=  75W  actual=  82W  cad= 89.0rpm
    [ 379.7s] target=  75W  actual=  81W  cad= 90.0rpm
    [ 381.2s] target=  75W  actual=  76W  cad= 87.0rpm
    [ 382.2s] target=  75W  actual=  79W  cad= 89.0rpm
    [ 383.3s] target=  75W  actual=  82W  cad= 91.0rpm
    [ 384.3s] target=  75W  actual=  76W  cad= 88.0rpm
    [ 385.3s] target=  75W  actual=  73W  cad= 87.0rpm
    [ 386.3s] target=  75W  actual=  70W  cad= 85.0rpm
    [ 387.3s] target=  75W  actual=  68W  cad= 78.0rpm
    [ 388.3s] target=  75W  actual=  68W  cad= 77.0rpm
--- 10/15  230 W for 20s  [6m29s elapsed]
    [ 389.7s] target= 230W  actual= 128W  cad= 77.0rpm
    [ 390.7s] target= 230W  actual= 198W  cad= 72.0rpm
    [ 391.7s] target= 230W  actual= 274W  cad= 80.0rpm
    [ 392.7s] target= 230W  actual= 238W  cad= 81.0rpm
    [ 393.7s] target= 230W  actual= 218W  cad= 84.0rpm
    [ 394.7s] target= 230W  actual= 223W  cad= 85.0rpm
    [ 395.7s] target= 230W  actual= 228W  cad= 86.0rpm
    [ 396.7s] target= 230W  actual= 225W  cad= 84.0rpm
    [ 397.7s] target= 230W  actual= 214W  cad= 81.0rpm
    [ 398.7s] target= 230W  actual= 219W  cad= 80.0rpm
    [ 400.2s] target= 230W  actual= 226W  cad= 80.0rpm
    [ 401.2s] target= 230W  actual= 228W  cad= 80.0rpm
    [ 402.2s] target= 230W  actual= 227W  cad= 79.0rpm
    [ 403.2s] target= 230W  actual= 232W  cad= 79.0rpm
    [ 404.2s] target= 230W  actual= 229W  cad= 79.0rpm
    [ 405.2s] target= 230W  actual= 218W  cad= 76.0rpm
    [ 406.3s] target= 230W  actual= 231W  cad= 77.0rpm
    [ 407.3s] target= 230W  actual= 240W  cad= 80.0rpm
    [ 408.3s] target= 230W  actual= 229W  cad= 78.0rpm
    [ 409.3s] target= 230W  actual= 216W  cad= 75.0rpm
--- 11/15  75 W for 1m00s  [6m50s elapsed]
    [ 410.9s] target=  75W  actual= 196W  cad= 76.0rpm
    [ 411.9s] target=  75W  actual= 137W  cad= 82.0rpm
    [ 412.9s] target=  75W  actual=  97W  cad= 80.0rpm
    [ 413.9s] target=  75W  actual=  85W  cad= 80.0rpm
    [ 414.9s] target=  75W  actual=  80W  cad= 82.0rpm
    [ 415.9s] target=  75W  actual=  76W  cad= 81.0rpm
    [ 416.9s] target=  75W  actual=  74W  cad= 81.0rpm
    [ 417.9s] target=  75W  actual=  75W  cad= 83.0rpm
    [ 418.9s] target=  75W  actual=  72W  cad= 81.0rpm
    [ 419.9s] target=  75W  actual=  73W  cad= 81.0rpm
    [ 421.2s] target=  75W  actual=  75W  cad= 82.0rpm
    [ 422.2s] target=  75W  actual=  77W  cad= 83.0rpm
    [ 423.2s] target=  75W  actual=  76W  cad= 82.0rpm
    [ 424.2s] target=  75W  actual=  72W  cad= 80.0rpm
    [ 425.2s] target=  75W  actual=  75W  cad= 82.0rpm
    [ 426.2s] target=  75W  actual=  74W  cad= 82.0rpm
    [ 427.2s] target=  75W  actual=  74W  cad= 81.0rpm
    [ 428.2s] target=  75W  actual=  78W  cad= 83.0rpm
    [ 429.2s] target=  75W  actual=  77W  cad= 83.0rpm
    [ 430.2s] target=  75W  actual=  73W  cad= 80.0rpm
    [ 431.7s] target=  75W  actual=  71W  cad= 80.0rpm
    [ 432.7s] target=  75W  actual=  74W  cad= 81.0rpm
    [ 433.7s] target=  75W  actual=  74W  cad= 81.0rpm
    [ 434.7s] target=  75W  actual=  76W  cad= 81.0rpm
    [ 435.7s] target=  75W  actual=  76W  cad= 81.0rpm
    [ 436.8s] target=  75W  actual=  77W  cad= 81.0rpm
    [ 437.8s] target=  75W  actual=  74W  cad= 80.0rpm
    [ 438.8s] target=  75W  actual=  70W  cad= 78.0rpm
    [ 439.8s] target=  75W  actual=  66W  cad= 74.0rpm
    [ 440.8s] target=  75W  actual=  68W  cad= 70.0rpm
    [ 442.3s] target=  75W  actual=  71W  cad= 70.0rpm
    [ 443.3s] target=  75W  actual=  67W  cad= 66.0rpm
    [ 444.3s] target=  75W  actual=  70W  cad= 66.0rpm
    [ 445.3s] target=  75W  actual=  71W  cad= 66.0rpm
    [ 446.3s] target=  75W  actual=  90W  cad= 77.0rpm
    [ 447.3s] target=  75W  actual=  93W  cad= 80.0rpm
    [ 448.3s] target=  75W  actual=  71W  cad= 75.0rpm
    [ 449.4s] target=  75W  actual=  68W  cad= 69.0rpm
    [ 450.4s] target=  75W  actual=  77W  cad= 70.0rpm
    [ 451.4s] target=  75W  actual=  69W  cad= 69.0rpm
    [ 452.7s] target=  75W  actual=  68W  cad= 71.0rpm
    [ 453.7s] target=  75W  actual=  64W  cad= 68.0rpm
    [ 454.7s] target=  75W  actual=  75W  cad= 68.0rpm
    [ 455.7s] target=  75W  actual=  81W  cad= 68.0rpm
    [ 456.7s] target=  75W  actual=  81W  cad= 70.0rpm
    [ 457.7s] target=  75W  actual=  84W  cad= 74.0rpm
    [ 458.7s] target=  75W  actual=  66W  cad= 69.0rpm
    [ 459.7s] target=  75W  actual=  67W  cad= 64.0rpm
    [ 460.7s] target=  75W  actual= 101W  cad= 64.0rpm
    [ 461.7s] target=  75W  actual=  79W  cad= 61.0rpm
    [ 463.3s] target=  75W  actual=  72W  cad= 67.0rpm
    [ 464.3s] target=  75W  actual=  68W  cad= 72.0rpm
    [ 465.3s] target=  75W  actual=  68W  cad= 65.0rpm
    [ 466.3s] target=  75W  actual=  78W  cad= 62.0rpm
    [ 467.3s] target=  75W  actual=  68W  cad= 59.0rpm
    [ 468.3s] target=  75W  actual=  65W  cad= 58.0rpm
    [ 469.3s] target=  75W  actual=  79W  cad= 59.0rpm
    [ 470.3s] target=  75W  actual=  77W  cad= 67.0rpm
--- 12/15  230 W for 20s  [7m51s elapsed]
    [ 471.7s] target= 230W  actual= 147W  cad= 73.0rpm
    [ 472.7s] target= 230W  actual= 193W  cad= 66.0rpm
    [ 473.7s] target= 230W  actual= 293W  cad= 74.0rpm
    [ 474.7s] target= 230W  actual= 315W  cad= 85.0rpm
    [ 475.7s] target= 230W  actual= 260W  cad= 90.0rpm
    [ 476.7s] target= 230W  actual= 241W  cad= 90.0rpm
    [ 477.7s] target= 230W  actual= 228W  cad= 91.0rpm
    [ 478.7s] target= 230W  actual= 209W  cad= 87.0rpm
    [ 479.7s] target= 230W  actual= 202W  cad= 80.0rpm
    [ 480.7s] target= 230W  actual= 211W  cad= 76.0rpm
    [ 482.3s] target= 230W  actual= 215W  cad= 77.0rpm
    [ 483.3s] target= 230W  actual= 232W  cad= 82.0rpm
    [ 484.3s] target= 230W  actual= 237W  cad= 84.0rpm
    [ 485.3s] target= 230W  actual= 220W  cad= 80.0rpm
    [ 486.3s] target= 230W  actual= 221W  cad= 79.0rpm
    [ 487.3s] target= 230W  actual= 216W  cad= 77.0rpm
    [ 488.3s] target= 230W  actual= 221W  cad= 76.0rpm
    [ 489.3s] target= 230W  actual= 236W  cad= 79.0rpm
    [ 490.3s] target= 230W  actual= 227W  cad= 77.0rpm
    [ 491.3s] target= 230W  actual= 221W  cad= 75.0rpm
--- 13/15  75 W for 1m00s  [8m12s elapsed]
    [ 492.9s] target=  75W  actual= 207W  cad= 76.0rpm
    [ 493.9s] target=  75W  actual= 150W  cad= 84.0rpm
    [ 494.9s] target=  75W  actual= 108W  cad= 83.0rpm
    [ 495.9s] target=  75W  actual=  77W  cad= 80.0rpm
    [ 496.9s] target=  75W  actual=  72W  cad= 80.0rpm
    [ 498.0s] target=  75W  actual=  71W  cad= 81.0rpm
    [ 499.0s] target=  75W  actual=  72W  cad= 82.0rpm
    [ 500.0s] target=  75W  actual=  73W  cad= 82.0rpm
    [ 501.0s] target=  75W  actual=  73W  cad= 81.0rpm
    [ 502.0s] target=  75W  actual=  74W  cad= 81.0rpm
    [ 503.2s] target=  75W  actual=  77W  cad= 82.0rpm
    [ 504.2s] target=  75W  actual=  76W  cad= 81.0rpm
    [ 505.2s] target=  75W  actual=  72W  cad= 79.0rpm
    [ 506.2s] target=  75W  actual=  72W  cad= 79.0rpm
    [ 507.2s] target=  75W  actual=  75W  cad= 80.0rpm
    [ 508.2s] target=  75W  actual=  74W  cad= 80.0rpm
    [ 509.2s] target=  75W  actual=  75W  cad= 80.0rpm
    [ 510.2s] target=  75W  actual=  77W  cad= 80.0rpm
    [ 511.2s] target=  75W  actual=  73W  cad= 79.0rpm
    [ 512.2s] target=  75W  actual=  75W  cad= 80.0rpm
    [ 513.6s] target=  75W  actual=  74W  cad= 79.0rpm
    [ 514.6s] target=  75W  actual=  77W  cad= 81.0rpm
    [ 515.6s] target=  75W  actual=  74W  cad= 80.0rpm
    [ 516.6s] target=  75W  actual=  75W  cad= 79.0rpm
    [ 517.7s] target=  75W  actual=  76W  cad= 80.0rpm
    [ 518.7s] target=  75W  actual=  78W  cad= 81.0rpm
    [ 519.7s] target=  75W  actual=  81W  cad= 83.0rpm
    [ 520.7s] target=  75W  actual=  75W  cad= 81.0rpm
    [ 521.7s] target=  75W  actual=  73W  cad= 80.0rpm
    [ 522.7s] target=  75W  actual=  73W  cad= 80.0rpm
    [ 523.9s] target=  75W  actual=  72W  cad= 80.0rpm
    [ 524.9s] target=  75W  actual=  74W  cad= 81.0rpm
    [ 525.9s] target=  75W  actual=  73W  cad= 80.0rpm
    [ 526.9s] target=  75W  actual=  75W  cad= 80.0rpm
    [ 527.9s] target=  75W  actual=  75W  cad= 80.0rpm
    [ 528.9s] target=  75W  actual=  78W  cad= 81.0rpm
    [ 529.9s] target=  75W  actual=  74W  cad= 80.0rpm
    [ 530.9s] target=  75W  actual=  72W  cad= 79.0rpm
    [ 531.9s] target=  75W  actual=  78W  cad= 82.0rpm
    [ 532.9s] target=  75W  actual=  76W  cad= 81.0rpm
    [ 534.3s] target=  75W  actual=  79W  cad= 81.0rpm
    [ 535.3s] target=  75W  actual=  77W  cad= 83.0rpm
    [ 536.3s] target=  75W  actual=  75W  cad= 76.0rpm
    [ 537.3s] target=  75W  actual=  80W  cad= 77.0rpm
    [ 538.3s] target=  75W  actual=  76W  cad= 81.0rpm
    [ 539.3s] target=  75W  actual=  76W  cad= 82.0rpm
    [ 540.3s] target=  75W  actual=  72W  cad= 81.0rpm
    [ 541.3s] target=  75W  actual=  74W  cad= 82.0rpm
    [ 542.3s] target=  75W  actual=  76W  cad= 84.0rpm
    [ 543.3s] target=  75W  actual=  74W  cad= 82.0rpm
    [ 544.7s] target=  75W  actual=  72W  cad= 81.0rpm
    [ 545.7s] target=  75W  actual=  80W  cad= 84.0rpm
    [ 546.7s] target=  75W  actual=  82W  cad= 85.0rpm
    [ 547.7s] target=  75W  actual=  73W  cad= 78.0rpm
    [ 548.7s] target=  75W  actual=  75W  cad= 74.0rpm
    [ 549.7s] target=  75W  actual=  72W  cad= 75.0rpm
    [ 550.7s] target=  75W  actual=  73W  cad= 82.0rpm
    [ 551.7s] target=  75W  actual=  74W  cad= 83.0rpm
    [ 552.7s] target=  75W  actual=  71W  cad= 81.0rpm
--- 14/15  230 W for 20s  [9m13s elapsed]
    [ 554.2s] target= 230W  actual=  92W  cad= 83.0rpm
    [ 555.2s] target= 230W  actual= 175W  cad= 80.0rpm
    [ 556.2s] target= 230W  actual= 227W  cad= 78.0rpm
    [ 557.2s] target= 230W  actual= 285W  cad= 85.0rpm
    [ 558.2s] target= 230W  actual= 256W  cad= 90.0rpm
    [ 559.2s] target= 230W  actual= 226W  cad= 87.0rpm
    [ 560.2s] target= 230W  actual= 225W  cad= 87.0rpm
    [ 561.2s] target= 230W  actual= 222W  cad= 87.0rpm
    [ 562.2s] target= 230W  actual= 216W  cad= 84.0rpm
    [ 563.3s] target= 230W  actual= 222W  cad= 84.0rpm
    [ 564.7s] target= 230W  actual= 213W  cad= 79.0rpm
    [ 565.7s] target= 230W  actual= 220W  cad= 78.0rpm
    [ 566.7s] target= 230W  actual= 220W  cad= 77.0rpm
    [ 567.7s] target= 230W  actual= 213W  cad= 74.0rpm
    [ 568.7s] target= 230W  actual= 227W  cad= 74.0rpm
    [ 569.7s] target= 230W  actual= 227W  cad= 74.0rpm
    [ 570.7s] target= 230W  actual= 238W  cad= 76.0rpm
    [ 571.7s] target= 230W  actual= 233W  cad= 77.0rpm
    [ 572.7s] target= 230W  actual= 244W  cad= 79.0rpm
    [ 573.7s] target= 230W  actual= 228W  cad= 78.0rpm
--- 15/15  75 W for 40s  [9m34s elapsed]
    [ 575.4s] target=  75W  actual= 222W  cad= 77.0rpm
    [ 576.4s] target=  75W  actual= 156W  cad= 81.0rpm
    [ 577.4s] target=  75W  actual= 116W  cad= 84.0rpm
    [ 578.4s] target=  75W  actual=  83W  cad= 81.0rpm
    [ 579.4s] target=  75W  actual=  76W  cad= 80.0rpm
    [ 580.4s] target=  75W  actual=  72W  cad= 81.0rpm
    [ 581.4s] target=  75W  actual=  72W  cad= 81.0rpm
    [ 582.4s] target=  75W  actual=  72W  cad= 81.0rpm
    [ 583.4s] target=  75W  actual=  73W  cad= 81.0rpm
    [ 584.4s] target=  75W  actual=  74W  cad= 81.0rpm
    [ 585.6s] target=  75W  actual=  74W  cad= 80.0rpm
    [ 586.6s] target=  75W  actual=  74W  cad= 80.0rpm
    [ 587.6s] target=  75W  actual=  76W  cad= 81.0rpm
    [ 588.6s] target=  75W  actual=  76W  cad= 81.0rpm
    [ 589.6s] target=  75W  actual=  76W  cad= 80.0rpm
    [ 590.7s] target=  75W  actual=  78W  cad= 82.0rpm
    [ 591.7s] target=  75W  actual=  74W  cad= 81.0rpm
    [ 592.7s] target=  75W  actual=  73W  cad= 80.0rpm
    [ 593.7s] target=  75W  actual=  74W  cad= 80.0rpm
    [ 594.7s] target=  75W  actual=  77W  cad= 82.0rpm
    [ 596.3s] target=  75W  actual=  75W  cad= 81.0rpm
    [ 597.3s] target=  75W  actual=  80W  cad= 83.0rpm
    [ 598.3s] target=  75W  actual=  77W  cad= 83.0rpm
    [ 599.3s] target=  75W  actual=  75W  cad= 82.0rpm
    [ 600.3s] target=  75W  actual=  75W  cad= 82.0rpm
    [ 601.3s] target=  75W  actual=  80W  cad= 84.0rpm
    [ 602.3s] target=  75W  actual=  79W  cad= 84.0rpm
    [ 603.3s] target=  75W  actual=  77W  cad= 83.0rpm
    [ 604.3s] target=  75W  actual=  73W  cad= 83.0rpm
    [ 605.3s] target=  75W  actual=  81W  cad= 86.0rpm
    [ 606.7s] target=  75W  actual=  79W  cad= 85.0rpm
    [ 607.7s] target=  75W  actual=  74W  cad= 85.0rpm
    [ 608.7s] target=  75W  actual=  70W  cad= 83.0rpm
    [ 609.7s] target=  75W  actual=  71W  cad= 84.0rpm
    [ 610.7s] target=  75W  actual=  73W  cad= 85.0rpm
    [ 611.7s] target=  75W  actual=  73W  cad= 84.0rpm
    [ 612.7s] target=  75W  actual=  71W  cad= 83.0rpm
    [ 613.7s] target=  75W  actual=  72W  cad= 83.0rpm
    [ 614.7s] target=  75W  actual=  72W  cad= 83.0rpm

Releasing trainer...

==================================================================
SUMMARY
==================================================================
  log written            : ride-20260824-132512.csv
  intervals run          : 15/15
  targets confirmed      : 15/15
  retry / stick events   : 0

  samples under load     : 587/587

    target     n     mean   median    min    max
       75W   447     78.4     75.0     61    222
      230W   140    224.1    224.5     82    335

  steady state only (first 5 s of each interval excluded):
    target     n     mean   median    error
       75W   415     74.6     74.0     -0.4
      230W   112    226.8    224.5     -3.2

  cadence: median 81 rpm (range 58-96)
  work done: 66.4 kJ actual
